###############################################################
#  Generated by:      Cadence Encounter 13.10-p003_1
#  OS:                Linux i686(Host ID cadence)
#  Generated on:      Fri Sep  4 09:25:36 2026
#  Design:            top_module
#  Command:           report_timing -early > /home/buet/Desktop/Traffic_light/PnR/Design_1/ouput/reports_final/worst_hold_paths.rpt
###############################################################
Path 1: MET Hold Check with Pin u_clk/cnt_reg[15]/CK 
Endpoint:   u_clk/cnt_reg[15]/D (v) checked with  leading edge of 'clk_50mhz'
Beginpoint: u_clk/cnt_reg[15]/Q (v) triggered by  leading edge of 'clk_50mhz'
Analysis View: fast_view
Other End Arrival Time          0.018
+ Hold                          0.021
+ Phase Shift                   0.000
- CPPR Adjustment               0.000
+ Uncertainty                   0.200
= Required Time                 0.239
  Arrival Time                  0.239
  Slack Time                    0.000
     Clock Rise Edge                 0.000
     + Clock Network Latency (Prop)  0.018
     = Beginpoint Arrival Time       0.018
     +----------------------------------------------------------------------------------+ 
     |          Instance          |     Arc     |   Cell   | Delay | Arrival | Required | 
     |                            |             |          |       |  Time   |   Time   | 
     |----------------------------+-------------+----------+-------+---------+----------| 
     | u_clk/cnt_reg[15]          | CK ^        |          |       |   0.018 |    0.018 | 
     | u_clk/cnt_reg[15]          | CK ^ -> Q v | DFFRHQX2 | 0.088 |   0.106 |    0.106 | 
     | u_clk/inc_add_27_24_1/g185 | A v -> S v  | ADDHXL   | 0.047 |   0.153 |    0.153 | 
     | u_clk/FE_PHC14_n_60        | A v -> Y v  | DLY1X4   | 0.062 |   0.215 |    0.215 | 
     | u_clk/g1055                | B v -> Y v  | AND2X1   | 0.024 |   0.239 |    0.239 | 
     | u_clk/cnt_reg[15]          | D v         | DFFRHQX2 | 0.000 |   0.239 |    0.239 | 
     +----------------------------------------------------------------------------------+ 

