###############################################################
#  Generated by:      Cadence Encounter 13.10-p003_1
#  OS:                Linux i686(Host ID cadence)
#  Generated on:      Fri Sep  4 09:25:36 2026
#  Design:            top_module
#  Command:           report_timing  > /home/buet/Desktop/Traffic_light/PnR/Design_1/ouput/reports_final/worst_setup_paths.rpt
###############################################################
Path 1: MET Setup Check with Pin u_clk/cnt_reg[25]/CK 
Endpoint:   u_clk/cnt_reg[25]/D (^) checked with  leading edge of 'clk_50mhz'
Beginpoint: u_clk/cnt_reg[1]/Q  (^) triggered by  leading edge of 'clk_50mhz'
Analysis View: slow_view
Other End Arrival Time          0.042
- Setup                         0.097
+ Phase Shift                  20.000
+ CPPR Adjustment               0.000
- Uncertainty                   0.200
= Required Time                19.745
- Arrival Time                  4.378
= Slack Time                   15.367
     Clock Rise Edge                 0.000
     + Clock Network Latency (Prop)    0.043
     = Beginpoint Arrival Time         0.043
     +-----------------------------------------------------------------------------------+ 
     |          Instance          |     Arc     |   Cell    | Delay | Arrival | Required | 
     |                            |             |           |       |  Time   |   Time   | 
     |----------------------------+-------------+-----------+-------+---------+----------| 
     | u_clk/cnt_reg[1]           | CK ^        |           |       |   0.042 |   15.410 | 
     | u_clk/cnt_reg[1]           | CK ^ -> Q ^ | DFFRHQX2  | 0.288 |   0.331 |   15.698 | 
     | u_clk/FE_PHC7_cnt_1_       | A ^ -> Y ^  | DLY2X1    | 0.359 |   0.689 |   16.057 | 
     | u_clk/inc_add_27_24_1/g199 | B ^ -> CO ^ | ADDHXL    | 0.123 |   0.812 |   16.180 | 
     | u_clk/inc_add_27_24_1/g198 | B ^ -> CO ^ | ADDHXL    | 0.135 |   0.947 |   16.315 | 
     | u_clk/inc_add_27_24_1/g197 | B ^ -> CO ^ | ADDHXL    | 0.135 |   1.083 |   16.450 | 
     | u_clk/inc_add_27_24_1/g196 | B ^ -> CO ^ | ADDHXL    | 0.133 |   1.216 |   16.583 | 
     | u_clk/inc_add_27_24_1/g195 | B ^ -> CO ^ | ADDHXL    | 0.138 |   1.354 |   16.721 | 
     | u_clk/inc_add_27_24_1/g194 | B ^ -> CO ^ | ADDHXL    | 0.136 |   1.490 |   16.857 | 
     | u_clk/inc_add_27_24_1/g193 | B ^ -> CO ^ | ADDHXL    | 0.132 |   1.622 |   16.989 | 
     | u_clk/inc_add_27_24_1/g192 | B ^ -> CO ^ | ADDHXL    | 0.131 |   1.753 |   17.120 | 
     | u_clk/inc_add_27_24_1/g191 | B ^ -> CO ^ | ADDHXL    | 0.133 |   1.886 |   17.254 | 
     | u_clk/inc_add_27_24_1/g190 | B ^ -> CO ^ | ADDHXL    | 0.139 |   2.025 |   17.393 | 
     | u_clk/inc_add_27_24_1/g189 | B ^ -> CO ^ | ADDHXL    | 0.138 |   2.163 |   17.531 | 
     | u_clk/inc_add_27_24_1/g188 | B ^ -> CO ^ | ADDHXL    | 0.138 |   2.301 |   17.668 | 
     | u_clk/inc_add_27_24_1/g187 | B ^ -> CO ^ | ADDHXL    | 0.140 |   2.441 |   17.808 | 
     | u_clk/inc_add_27_24_1/g186 | B ^ -> CO ^ | ADDHXL    | 0.137 |   2.578 |   17.945 | 
     | u_clk/inc_add_27_24_1/g185 | B ^ -> CO ^ | ADDHXL    | 0.134 |   2.712 |   18.080 | 
     | u_clk/inc_add_27_24_1/g184 | B ^ -> CO ^ | ADDHXL    | 0.132 |   2.844 |   18.212 | 
     | u_clk/inc_add_27_24_1/g183 | B ^ -> CO ^ | ADDHXL    | 0.133 |   2.977 |   18.345 | 
     | u_clk/inc_add_27_24_1/g182 | B ^ -> CO ^ | ADDHXL    | 0.138 |   3.115 |   18.483 | 
     | u_clk/inc_add_27_24_1/g181 | B ^ -> CO ^ | ADDHXL    | 0.134 |   3.249 |   18.616 | 
     | u_clk/inc_add_27_24_1/g180 | B ^ -> CO ^ | ADDHXL    | 0.129 |   3.378 |   18.745 | 
     | u_clk/inc_add_27_24_1/g179 | B ^ -> CO ^ | ADDHXL    | 0.131 |   3.509 |   18.876 | 
     | u_clk/inc_add_27_24_1/g178 | B ^ -> CO ^ | ADDHXL    | 0.133 |   3.642 |   19.009 | 
     | u_clk/inc_add_27_24_1/g177 | B ^ -> CO ^ | ADDHXL    | 0.136 |   3.778 |   19.145 | 
     | u_clk/inc_add_27_24_1/g176 | B ^ -> CO ^ | ADDHXL    | 0.131 |   3.909 |   19.276 | 
     | u_clk/inc_add_27_24_1/g175 | B ^ -> Y ^  | CLKXOR2X1 | 0.155 |   4.064 |   19.431 | 
     | u_clk/FE_PHC30_n_50        | A ^ -> Y ^  | DLY1X4    | 0.201 |   4.265 |   19.632 | 
     | u_clk/g1067                | B ^ -> Y ^  | AND2X1    | 0.113 |   4.378 |   19.745 | 
     | u_clk/cnt_reg[25]          | D ^         | DFFRHQX2  | 0.000 |   4.378 |   19.745 | 
     +-----------------------------------------------------------------------------------+ 

